NewG8-Ita-alt-raw NewG8-Ita " NewG8AltEncoding ReEncodeFont " <[newg8alt.enc <NewG8-Ita.pfb
NewG8-BolIta-alt-raw NewG8-BolIta " NewG8AltEncoding ReEncodeFont " <[newg8alt.enc <NewG8-BolIta.pfb
zgmr8r NewG8-Reg <[zgmt1.enc <NewG8-Reg.pfb " zgm-autoenc-t1 ReEncodeFont "
newG8-Reg-swq NewG8-Reg <[swashQ.enc <NewG8-Reg.pfb " swashQEncoding ReEncodeFont "
zgmrc8r NewG8-Reg-SC <[zgmt1.enc <NewG8-Reg-SC.pfb " zgm-autoenc-t1 ReEncodeFont "
zgmbc8r NewG8-Bol-SC <[zgmt1.enc <NewG8-Bol-SC.pfb " zgm-autoenc-t1 ReEncodeFont "
newG8-Bol-swq NewG8-Bol <[swashQ.enc <NewG8-Bol.pfb " swashQEncoding ReEncodeFont "
zgmric8r NewG8-Ita-SC <[zgmt1.enc <NewG8-Ita-SC.pfb " zgm-autoenc-t1 ReEncodeFont "
newG8-Ita-swq NewG8-Ita <[swashQ.enc <NewG8-Ita.pfb " swashQEncoding ReEncodeFont "
zgmbic8r NewG8-BolIta-SC <[zgmt1.enc <NewG8-BolIta-SC.pfb " zgm-autoenc-t1 ReEncodeFont "
newG8-BolIta-swq NewG8-BolIta <[swashQ.enc <NewG8-BolIta.pfb " swashQEncoding ReEncodeFont "
zgmb8r NewG8-Bol <[zgmt1.enc <NewG8-Bol.pfb " zgm-autoenc-t1 ReEncodeFont "
zgmri8r NewG8-Ita <[zgmt1.enc <NewG8-Ita.pfb " zgm-autoenc-t1 ReEncodeFont "
zgmbi8r NewG8-BolIta <[zgmt1.enc <NewG8-BolIta.pfb " zgm-autoenc-t1 ReEncodeFont "
zgmr-digits newG8-Osf-reg <[8r.enc <newG8-Osf-reg.pfb " TeXBase1Encoding ReEncodeFont "
zgmb-digits newG8-Osf-bol <[8r.enc <newG8-Osf-bol.pfb " TeXBase1Encoding ReEncodeFont "
zgmri-digits newG8-Osf-ita <[8r.enc <newG8-Osf-ita.pfb " TeXBase1Encoding ReEncodeFont "
zgmbi-digits newG8-Osf-bolita <[8r.enc <newG8-Osf-bolita.pfb " TeXBase1Encoding ReEncodeFont "
zgmr8c NewG8-Reg <[zgm_ts1.enc <NewG8-Reg.pfb " zgmTS1Encoding ReEncodeFont "
zgmr-t8c zgmr-tc <[zgm_ts1.enc <zgmr-tc.pfb " zgmTS1Encoding ReEncodeFont "
zgmb8c NewG8-Bol <[zgm_ts1.enc <NewG8-Bol.pfb " zgmTS1Encoding ReEncodeFont "
zgmb-t8c zgmb-tc <[zgm_ts1.enc <zgmb-tc.pfb " zgmTS1Encoding ReEncodeFont "
zgmri8c NewG8-Ita <[zgm_ts1.enc <NewG8-Ita.pfb " zgmTS1Encoding ReEncodeFont "
zgmri-t8c zgmri-tc <[zgm_ts1.enc <zgmri-tc.pfb " zgmTS1Encoding ReEncodeFont "
zgmbi8c NewG8-BolIta <[zgm_ts1.enc <NewG8-BolIta.pfb " zgmTS1Encoding ReEncodeFont "
zgmbi-t8c zgmbi-tc <[zgm_ts1.enc <zgmbi-tc.pfb " zgmTS1Encoding ReEncodeFont "
NewG8-sups NewG8-sups <NewG8-sups.pfb